[safeverse.space/index.html]
[backblue.gif]
[fade.gif]
[index.html]
[safeverse.space/images/favicon.png]
[cdn.jsdelivr.net/npm/bootstrap@5.0.2/dist/css/bootstrap.min.css]
[safeverse.space/css/stylesheet.css]
[safeverse.space/css/responsive.css]
[safeverse.space/index-2.html]
[safeverse.space/images/logo.png]
[safeverse.space/whitepaper.pdf]
[safeverse.space/images/banner_img.png]
[safeverse.space/images/vr_ar.png]
[safeverse.space/images/mouse.png]
[safeverse.space/images/Arrow.png]
[safeverse.space/images/img_video_1.png]
[safeverse.space/images/prahalad-img.png]
[safeverse.space/images/harald-img.png]
[safeverse.space/images/globe.png]
[safeverse.space/images/built.png]
[safeverse.space/images/safely.png]
[safeverse.space/images/tokens.png]
[safeverse.space/images/easa.png]
[safeverse.space/images/bmvi.png]
[safeverse.space/images/murgappa.png]
[safeverse.space/images/Ministero.png]
[safeverse.space/images/Cal-OES.png]
[safeverse.space/images/ashok.png]
[safeverse.space/images/Macbook.png]
[safeverse.space/images/prahalad.png]
[safeverse.space/images/harald.png]
[safeverse.space/images/stefan.png]
[safeverse.space/images/mohan.png]
[safeverse.space/images/jagan.png]
[safeverse.space/images/sundeep.png]
[safeverse.space/images/alex.png]
[safeverse.space/images/twitter.png]
[safeverse.space/images/insta.png]
[safeverse.space/images/youtube.png]
[safeverse.space/images/envelope.png]
[safeverse.space/images/copyright.png]
[ajax.googleapis.com/ajax/libs/jquery/1.10.2/jquery.min.js]
[safeverse.space/js/bootstrap.min.js]
[safeverse.space/js/bootstrap.bundle.min.js]
[cdnjs.cloudflare.com/ajax/libs/jqueryui/1.11.2/jquery-ui.min.js]
[safeverse.space/index.html]
[cdn.jsdelivr.net/npm/bootstrap@5.0.2/dist/css/bootstrap.min.css]
[cdn.jsdelivr.net/npm/bootstrap@5.0.2/dist/js/bootstrap.bundle.min.js]
[safeverse.space/images/button__bg.png]
[safeverse.space/images/glass_effect.png]
[safeverse.space/images/safe_left.png]
[safeverse.space/images/client_bg.png]
[safeverse.space/images/footer_bg_left.png]
[safeverse.space/images/token.png]
[safeverse.space/images/top_header.png]
[safeverse.space/images/cornor.png]
[safeverse.space/images/light_bg.png]
[safeverse.space/images/glass.png]
[safeverse.space/images/sm_glass.png]
[safeverse.space/images/team_glass.png]
[safeverse.space/images/noti.png]
[safeverse.space/images/banner_bg.png]
[safeverse.space/css/stylesheet.css]
[safeverse.space/css/responsive.css]
[safeverse.space/index-2.html]
[safeverse.space/Pitchdeck.html]
[safeverse.space/images/vid__bg.svg]
